Archive member included to satisfy reference by file (symbol)

C:/ST/STM32CubeIDE_1.14.1/STM32CubeIDE/plugins/com.st.stm32cube.ide.mcu.externaltools.gnu-tools-for-stm32.11.3.rel1.win32_1.1.100.202309141235/tools/bin/../lib/gcc/arm-none-eabi/11.3.1/../../../../arm-none-eabi/lib/thumb/v7e-m+dp/hard\libc_nano.a(libc_a-exit.o)
                              C:/ST/STM32CubeIDE_1.14.1/STM32CubeIDE/plugins/com.st.stm32cube.ide.mcu.externaltools.gnu-tools-for-stm32.11.3.rel1.win32_1.1.100.202309141235/tools/bin/../lib/gcc/arm-none-eabi/11.3.1/../../../../arm-none-eabi/lib/thumb/v7e-m+dp/hard/crt0.o (exit)
C:/ST/STM32CubeIDE_1.14.1/STM32CubeIDE/plugins/com.st.stm32cube.ide.mcu.externaltools.gnu-tools-for-stm32.11.3.rel1.win32_1.1.100.202309141235/tools/bin/../lib/gcc/arm-none-eabi/11.3.1/../../../../arm-none-eabi/lib/thumb/v7e-m+dp/hard\libc_nano.a(libc_a-findfp.o)
                              C:/ST/STM32CubeIDE_1.14.1/STM32CubeIDE/plugins/com.st.stm32cube.ide.mcu.externaltools.gnu-tools-for-stm32.11.3.rel1.win32_1.1.100.202309141235/tools/bin/../lib/gcc/arm-none-eabi/11.3.1/../../../../arm-none-eabi/lib/thumb/v7e-m+dp/hard\libc_nano.a(libc_a-exit.o) (__stdio_exit_handler)
C:/ST/STM32CubeIDE_1.14.1/STM32CubeIDE/plugins/com.st.stm32cube.ide.mcu.externaltools.gnu-tools-for-stm32.11.3.rel1.win32_1.1.100.202309141235/tools/bin/../lib/gcc/arm-none-eabi/11.3.1/../../../../arm-none-eabi/lib/thumb/v7e-m+dp/hard\libc_nano.a(libc_a-fwalk.o)
                              C:/ST/STM32CubeIDE_1.14.1/STM32CubeIDE/plugins/com.st.stm32cube.ide.mcu.externaltools.gnu-tools-for-stm32.11.3.rel1.win32_1.1.100.202309141235/tools/bin/../lib/gcc/arm-none-eabi/11.3.1/../../../../arm-none-eabi/lib/thumb/v7e-m+dp/hard\libc_nano.a(libc_a-findfp.o) (_fwalk_sglue)
C:/ST/STM32CubeIDE_1.14.1/STM32CubeIDE/plugins/com.st.stm32cube.ide.mcu.externaltools.gnu-tools-for-stm32.11.3.rel1.win32_1.1.100.202309141235/tools/bin/../lib/gcc/arm-none-eabi/11.3.1/../../../../arm-none-eabi/lib/thumb/v7e-m+dp/hard\libc_nano.a(libc_a-stdio.o)
                              C:/ST/STM32CubeIDE_1.14.1/STM32CubeIDE/plugins/com.st.stm32cube.ide.mcu.externaltools.gnu-tools-for-stm32.11.3.rel1.win32_1.1.100.202309141235/tools/bin/../lib/gcc/arm-none-eabi/11.3.1/../../../../arm-none-eabi/lib/thumb/v7e-m+dp/hard\libc_nano.a(libc_a-findfp.o) (__sread)
C:/ST/STM32CubeIDE_1.14.1/STM32CubeIDE/plugins/com.st.stm32cube.ide.mcu.externaltools.gnu-tools-for-stm32.11.3.rel1.win32_1.1.100.202309141235/tools/bin/../lib/gcc/arm-none-eabi/11.3.1/../../../../arm-none-eabi/lib/thumb/v7e-m+dp/hard\libc_nano.a(libc_a-memset.o)
                              C:/ST/STM32CubeIDE_1.14.1/STM32CubeIDE/plugins/com.st.stm32cube.ide.mcu.externaltools.gnu-tools-for-stm32.11.3.rel1.win32_1.1.100.202309141235/tools/bin/../lib/gcc/arm-none-eabi/11.3.1/../../../../arm-none-eabi/lib/thumb/v7e-m+dp/hard/crt0.o (memset)
C:/ST/STM32CubeIDE_1.14.1/STM32CubeIDE/plugins/com.st.stm32cube.ide.mcu.externaltools.gnu-tools-for-stm32.11.3.rel1.win32_1.1.100.202309141235/tools/bin/../lib/gcc/arm-none-eabi/11.3.1/../../../../arm-none-eabi/lib/thumb/v7e-m+dp/hard\libc_nano.a(libc_a-closer.o)
                              C:/ST/STM32CubeIDE_1.14.1/STM32CubeIDE/plugins/com.st.stm32cube.ide.mcu.externaltools.gnu-tools-for-stm32.11.3.rel1.win32_1.1.100.202309141235/tools/bin/../lib/gcc/arm-none-eabi/11.3.1/../../../../arm-none-eabi/lib/thumb/v7e-m+dp/hard\libc_nano.a(libc_a-stdio.o) (_close_r)
C:/ST/STM32CubeIDE_1.14.1/STM32CubeIDE/plugins/com.st.stm32cube.ide.mcu.externaltools.gnu-tools-for-stm32.11.3.rel1.win32_1.1.100.202309141235/tools/bin/../lib/gcc/arm-none-eabi/11.3.1/../../../../arm-none-eabi/lib/thumb/v7e-m+dp/hard\libc_nano.a(libc_a-reent.o)
                              C:/ST/STM32CubeIDE_1.14.1/STM32CubeIDE/plugins/com.st.stm32cube.ide.mcu.externaltools.gnu-tools-for-stm32.11.3.rel1.win32_1.1.100.202309141235/tools/bin/../lib/gcc/arm-none-eabi/11.3.1/../../../../arm-none-eabi/lib/thumb/v7e-m+dp/hard\libc_nano.a(libc_a-closer.o) (errno)
C:/ST/STM32CubeIDE_1.14.1/STM32CubeIDE/plugins/com.st.stm32cube.ide.mcu.externaltools.gnu-tools-for-stm32.11.3.rel1.win32_1.1.100.202309141235/tools/bin/../lib/gcc/arm-none-eabi/11.3.1/../../../../arm-none-eabi/lib/thumb/v7e-m+dp/hard\libc_nano.a(libc_a-impure.o)
                              C:/ST/STM32CubeIDE_1.14.1/STM32CubeIDE/plugins/com.st.stm32cube.ide.mcu.externaltools.gnu-tools-for-stm32.11.3.rel1.win32_1.1.100.202309141235/tools/bin/../lib/gcc/arm-none-eabi/11.3.1/../../../../arm-none-eabi/lib/thumb/v7e-m+dp/hard\libc_nano.a(libc_a-reent.o) (_impure_ptr)
C:/ST/STM32CubeIDE_1.14.1/STM32CubeIDE/plugins/com.st.stm32cube.ide.mcu.externaltools.gnu-tools-for-stm32.11.3.rel1.win32_1.1.100.202309141235/tools/bin/../lib/gcc/arm-none-eabi/11.3.1/../../../../arm-none-eabi/lib/thumb/v7e-m+dp/hard\libc_nano.a(libc_a-lseekr.o)
[...]
Memory Configuration

Name             Origin             Length             Attributes
ITCMRAM          0x0000000000000000 0x0000000000010000 xrw
DTCMRAM          0x0000000020000000 0x0000000000020000 xrw
FLASH            0x0000000008000000 0x0000000000100000 xr
RAM_D1           0x0000000024000000 0x0000000000050000 xrw
RAM_D2           0x0000000030000000 0x0000000000008000 xrw
RAM_D3           0x0000000038000000 0x0000000000004000 xrw
*default*        0x0000000000000000 0xffffffffffffffff

Linker script and memory map

LOAD C:/ST/STM32CubeIDE_1.14.1/STM32CubeIDE/plugins/com.st.stm32cube.ide.mcu.externaltools.gnu-tools-for-stm32.11.3.rel1.win32_1.1.100.202309141235/tools/bin/../lib/gcc/arm-none-eabi/11.3.1/thumb/v7e-m+dp/hard/crti.o
LOAD C:/ST/STM32CubeIDE_1.14.1/STM32CubeIDE/plugins/com.st.stm32cube.ide.mcu.externaltools.gnu-tools-for-stm32.11.3.rel1.win32_1.1.100.202309141235/tools/bin/../lib/gcc/arm-none-eabi/11.3.1/thumb/v7e-m+dp/hard/crtbegin.o
LOAD C:/ST/STM32CubeIDE_1.14.1/STM32CubeIDE/plugins/com.st.stm32cube.ide.mcu.externaltools.gnu-tools-for-stm32.11.3.rel1.win32_1.1.100.202309141235/tools/bin/../lib/gcc/arm-none-eabi/11.3.1/../../../../arm-none-eabi/lib/thumb/v7e-m+dp/hard/crt0.o
LOAD ./Core/Src/main.o
LOAD ./Core/Src/stm32h7xx_hal_msp.o
LOAD ./Core/Src/stm32h7xx_it.o
LOAD ./Core/Src/syscalls.o
LOAD ./Core/Src/sysmem.o
LOAD ./Core/Src/system_stm32h7xx.o
LOAD ./Core/Startup/startup_stm32h723zgtx.o
LOAD ./Drivers/STM32H7xx_HAL_Driver/Src/stm32h7xx_hal.o
LOAD ./Drivers/STM32H7xx_HAL_Driver/Src/stm32h7xx_hal_adc.o
LOAD ./Drivers/STM32H7xx_HAL_Driver/Src/stm32h7xx_hal_adc_ex.o
LOAD ./Drivers/STM32H7xx_HAL_Driver/Src/stm32h7xx_hal_cortex.o
LOAD ./Drivers/STM32H7xx_HAL_Driver/Src/stm32h7xx_hal_dma.o
LOAD ./Drivers/STM32H7xx_HAL_Driver/Src/stm32h7xx_hal_dma_ex.o
LOAD ./Drivers/STM32H7xx_HAL_Driver/Src/stm32h7xx_hal_exti.o
LOAD ./Drivers/STM32H7xx_HAL_Driver/Src/stm32h7xx_hal_fdcan.o
LOAD ./Drivers/STM32H7xx_HAL_Driver/Src/stm32h7xx_hal_flash.o
LOAD ./Drivers/STM32H7xx_HAL_Driver/Src/stm32h7xx_hal_flash_ex.o
LOAD ./Drivers/STM32H7xx_HAL_Driver/Src/stm32h7xx_hal_gpio.o
LOAD ./Drivers/STM32H7xx_HAL_Driver/Src/stm32h7xx_hal_hsem.o
LOAD ./Drivers/STM32H7xx_HAL_Driver/Src/stm32h7xx_hal_i2c.o
LOAD ./Drivers/STM32H7xx_HAL_Driver/Src/stm32h7xx_hal_i2c_ex.o
LOAD ./Drivers/STM32H7xx_HAL_Driver/Src/stm32h7xx_hal_mdma.o
LOAD ./Drivers/STM32H7xx_HAL_Driver/Src/stm32h7xx_hal_pwr.o
LOAD ./Drivers/STM32H7xx_HAL_Driver/Src/stm32h7xx_hal_pwr_ex.o
LOAD ./Drivers/STM32H7xx_HAL_Driver/Src/stm32h7xx_hal_rcc.o
LOAD ./Drivers/STM32H7xx_HAL_Driver/Src/stm32h7xx_hal_rcc_ex.o
LOAD ./Drivers/STM32H7xx_HAL_Driver/Src/stm32h7xx_hal_tim.o
LOAD ./Drivers/STM32H7xx_HAL_Driver/Src/stm32h7xx_hal_tim_ex.o
START GROUP
LOAD C:/ST/STM32CubeIDE_1.14.1/STM32CubeIDE/plugins/com.st.stm32cube.ide.mcu.externaltools.gnu-tools-for-stm32.11.3.rel1.win32_1.1.100.202309141235/tools/bin/../lib/gcc/arm-none-eabi/11.3.1/../../../../arm-none-eabi/lib/thumb/v7e-m+dp/hard\libc_nano.a
LOAD C:/ST/STM32CubeIDE_1.14.1/STM32CubeIDE/plugins/com.st.stm32cube.ide.mcu.externaltools.gnu-tools-for-stm32.11.3.rel1.win32_1.1.100.202309141235/tools/bin/../lib/gcc/arm-none-eabi/11.3.1/../../../../arm-none-eabi/lib/thumb/v7e-m+dp/hard\libm.a
END GROUP
START GROUP
LOAD C:/ST/STM32CubeIDE_1.14.1/STM32CubeIDE/plugins/com.st.stm32cube.ide.mcu.externaltools.gnu-tools-for-stm32.11.3.rel1.win32_1.1.100.202309141235/tools/bin/../lib/gcc/arm-none-eabi/11.3.1/thumb/v7e-m+dp/hard\libgcc.a
LOAD C:/ST/STM32CubeIDE_1.14.1/STM32CubeIDE/plugins/com.st.stm32cube.ide.mcu.externaltools.gnu-tools-for-stm32.11.3.rel1.win32_1.1.100.202309141235/tools/bin/../lib/gcc/arm-none-eabi/11.3.1/../../../../arm-none-eabi/lib/thumb/v7e-m+dp/hard\libc_nano.a
END GROUP
START GROUP
LOAD C:/ST/STM32CubeIDE_1.14.1/STM32CubeIDE/plugins/com.st.stm32cube.ide.mcu.externaltools.gnu-tools-for-stm32.11.3.rel1.win32_1.1.100.202309141235/tools/bin/../lib/gcc/arm-none-eabi/11.3.1/thumb/v7e-m+dp/hard\libgcc.a
LOAD C:/ST/STM32CubeIDE_1.14.1/STM32CubeIDE/plugins/com.st.stm32cube.ide.mcu.externaltools.gnu-tools-for-stm32.11.3.rel1.win32_1.1.100.202309141235/tools/bin/../lib/gcc/arm-none-eabi/11.3.1/../../../../arm-none-eabi/lib/thumb/v7e-m+dp/hard\libc_nano.a
LOAD C:/ST/STM32CubeIDE_1.14.1/STM32CubeIDE/plugins/com.st.stm32cube.ide.mcu.externaltools.gnu-tools-for-stm32.11.3.rel1.win32_1.1.100.202309141235/tools/bin/../lib/gcc/arm-none-eabi/11.3.1/../../../../arm-none-eabi/lib/thumb/v7e-m+dp/hard\libnosys.a
END GROUP
START GROUP
LOAD C:/ST/STM32CubeIDE_1.14.1/STM32CubeIDE/plugins/com.st.stm32cube.ide.mcu.externaltools.gnu-tools-for-stm32.11.3.rel1.win32_1.1.100.202309141235/tools/bin/../lib/gcc/arm-none-eabi/11.3.1/thumb/v7e-m+dp/hard\libgcc.a
LOAD C:/ST/STM32CubeIDE_1.14.1/STM32CubeIDE/plugins/com.st.stm32cube.ide.mcu.externaltools.gnu-tools-for-stm32.11.3.rel1.win32_1.1.100.202309141235/tools/bin/../lib/gcc/arm-none-eabi/11.3.1/../../../../arm-none-eabi/lib/thumb/v7e-m+dp/hard\libc_nano.a
LOAD C:/ST/STM32CubeIDE_1.14.1/STM32CubeIDE/plugins/com.st.stm32cube.ide.mcu.externaltools.gnu-tools-for-stm32.11.3.rel1.win32_1.1.100.202309141235/tools/bin/../lib/gcc/arm-none-eabi/11.3.1/../../../../arm-none-eabi/lib/thumb/v7e-m+dp/hard\libnosys.a
END GROUP
LOAD C:/ST/STM32CubeIDE_1.14.1/STM32CubeIDE/plugins/com.st.stm32cube.ide.mcu.externaltools.gnu-tools-for-stm32.11.3.rel1.win32_1.1.100.202309141235/tools/bin/../lib/gcc/arm-none-eabi/11.3.1/thumb/v7e-m+dp/hard/crtend.o
LOAD C:/ST/STM32CubeIDE_1.14.1/STM32CubeIDE/plugins/com.st.stm32cube.ide.mcu.externaltools.gnu-tools-for-stm32.11.3.rel1.win32_1.1.100.202309141235/tools/bin/../lib/gcc/arm-none-eabi/11.3.1/thumb/v7e-m+dp/hard/crtn.o
                0x0000000024050000                _estack = (ORIGIN (RAM_D1) + LENGTH (RAM_D1))
                0x0000000000000200                _Min_Heap_Size = 0x200
                0x0000000000000400                _Min_Stack_Size = 0x400

.isr_vector     0x0000000008000000      0x2cc
                0x0000000008000000                . = ALIGN (0x4)
 *(.isr_vector)
 .isr_vector    0x0000000008000000      0x2cc ./Core/Startup/startup_stm32h723zgtx.o
                0x0000000008000000                g_pfnVectors
                0x00000000080002cc                . = ALIGN (0x4)

.text           0x00000000080002d0     0x7010
                0x00000000080002d0                . = ALIGN (0x4)
 *(.text)
 .text          0x00000000080002d0       0x40 C:/ST/STM32CubeIDE_1.14.1/STM32CubeIDE/plugins/com.st.stm32cube.ide.mcu.externaltools.gnu-tools-for-stm32.11.3.rel1.win32_1.1.100.202309141235/tools/bin/../lib/gcc/arm-none-eabi/11.3.1/thumb/v7e-m+dp/hard/crtbegin.o
 *(.text*)
 .text.main     0x0000000008000310      0x1d8 ./Core/Src/main.o
                0x0000000008000310                main
 .text.SystemClock_Config
                0x00000000080004e8       0xe0 ./Core/Src/main.o
                0x00000000080004e8                SystemClock_Config
 .text.PeriphCommonClock_Config
                0x00000000080005c8       0x5e ./Core/Src/main.o
                0x00000000080005c8                PeriphCommonClock_Config
 *fill*         0x0000000008000626        0x2 
 .text.MX_ADC1_Init
                0x0000000008000628       0xf4 ./Core/Src/main.o
 .text.MX_ADC2_Init
                0x000000000800071c       0xcc ./Core/Src/main.o
 .text.MX_FDCAN1_Init
                0x00000000080007e8      0x104 ./Core/Src/main.o
 .text.MX_GPIO_Init
                0x00000000080008ec       0xf0 ./Core/Src/main.o
 .text.Error_Handler
                0x00000000080009dc       0x34 ./Core/Src/main.o
                0x00000000080009dc                Error_Handler
 .text.HAL_MspInit
                0x0000000008000a10       0x34 ./Core/Src/stm32h7xx_hal_msp.o
                0x0000000008000a10                HAL_MspInit
 .text.HAL_ADC_MspInit
                0x0000000008000a44      0x11c ./Core/Src/stm32h7xx_hal_msp.o
                0x0000000008000a44                HAL_ADC_MspInit
 .text.HAL_FDCAN_MspInit
                0x0000000008000b60       0xd4 ./Core/Src/stm32h7xx_hal_msp.o
                0x0000000008000b60                HAL_FDCAN_MspInit
 .text.NMI_Handler
                0x0000000008000c34        0x6 ./Core/Src/stm32h7xx_it.o
                0x0000000008000c34                NMI_Handler
 .text.HardFault_Handler
                0x0000000008000c3a        0x6 ./Core/Src/stm32h7xx_it.o
                0x0000000008000c3a                HardFault_Handler
 .text.MemManage_Handler
                0x0000000008000c40        0x6 ./Core/Src/stm32h7xx_it.o
                0x0000000008000c40                MemManage_Handler
 .text.BusFault_Handler
                0x0000000008000c46        0x6 ./Core/Src/stm32h7xx_it.o
                0x0000000008000c46                BusFault_Handler
 .text.UsageFault_Handler
                0x0000000008000c4c        0x6 ./Core/Src/stm32h7xx_it.o
                0x0000000008000c4c                UsageFault_Handler
 .text.SVC_Handler
                0x0000000008000c52        0xe ./Core/Src/stm32h7xx_it.o
                0x0000000008000c52                SVC_Handler
 .text.DebugMon_Handler
                0x0000000008000c60        0xe ./Core/Src/stm32h7xx_it.o
                0x0000000008000c60                DebugMon_Handler
 .text.PendSV_Handler
                0x0000000008000c6e        0xe ./Core/Src/stm32h7xx_it.o
                0x0000000008000c6e                PendSV_Handler
 .text.SysTick_Handler
                0x0000000008000c7c        0xc ./Core/Src/stm32h7xx_it.o
                0x0000000008000c7c                SysTick_Handler
 .text.SystemInit
                0x0000000008000c88       0xf0 ./Core/Src/system_stm32h7xx.o
                0x0000000008000c88                SystemInit
 .text.Reset_Handler
                0x0000000008000d78       0x50 ./Core/Startup/startup_stm32h723zgtx.o
                0x0000000008000d78                Reset_Handler
 .text.Default_Handler
                0x0000000008000dc8        0x2 ./Core/Startup/startup_stm32h723zgtx.o
                0x0000000008000dc8                RTC_Alarm_IRQHandler
                0x0000000008000dc8                EXTI2_IRQHandler
                0x0000000008000dc8                TIM8_CC_IRQHandler
                0x0000000008000dc8                UART8_IRQHandler
                0x0000000008000dc8                SPI4_IRQHandler
                0x0000000008000dc8                FDCAN3_IT0_IRQHandler
                0x0000000008000dc8                TIM1_CC_IRQHandler
                0x0000000008000dc8                BDMA_Channel6_IRQHandler
                0x0000000008000dc8                DMA2_Stream5_IRQHandler
                0x0000000008000dc8                DMA1_Stream5_IRQHandler
                0x0000000008000dc8                CORDIC_IRQHandler
                0x0000000008000dc8                BDMA_Channel1_IRQHandler
                0x0000000008000dc8                TAMP_STAMP_IRQHandler
                0x0000000008000dc8                EXTI3_IRQHandler
                0x0000000008000dc8                LPTIM4_IRQHandler
                0x0000000008000dc8                TIM8_TRG_COM_TIM14_IRQHandler
                0x0000000008000dc8                LPTIM2_IRQHandler
                0x0000000008000dc8                DFSDM1_FLT1_IRQHandler
                0x0000000008000dc8                DMAMUX2_OVR_IRQHandler
                0x0000000008000dc8                TIM8_UP_TIM13_IRQHandler
                0x0000000008000dc8                I2C3_ER_IRQHandler
                0x0000000008000dc8                DFSDM1_FLT2_IRQHandler
                0x0000000008000dc8                I2C5_EV_IRQHandler
                0x0000000008000dc8                USART10_IRQHandler
                0x0000000008000dc8                MDMA_IRQHandler
                0x0000000008000dc8                LPTIM3_IRQHandler
                0x0000000008000dc8                HSEM1_IRQHandler
                0x0000000008000dc8                EXTI0_IRQHandler
                0x0000000008000dc8                I2C2_EV_IRQHandler
                0x0000000008000dc8                DMA1_Stream2_IRQHandler
                0x0000000008000dc8                FPU_IRQHandler
                0x0000000008000dc8                OTG_HS_WKUP_IRQHandler
                0x0000000008000dc8                FDCAN1_IT1_IRQHandler
                0x0000000008000dc8                LTDC_ER_IRQHandler
                0x0000000008000dc8                DMA2_Stream2_IRQHandler
                0x0000000008000dc8                SPI1_IRQHandler
                0x0000000008000dc8                OCTOSPI1_IRQHandler
                0x0000000008000dc8                TIM6_DAC_IRQHandler
                0x0000000008000dc8                DMA2_Stream3_IRQHandler
                0x0000000008000dc8                OCTOSPI2_IRQHandler
                0x0000000008000dc8                DFSDM1_FLT3_IRQHandler
                0x0000000008000dc8                TIM23_IRQHandler
                0x0000000008000dc8                USART6_IRQHandler
                0x0000000008000dc8                TIM17_IRQHandler
                0x0000000008000dc8                USART3_IRQHandler
                0x0000000008000dc8                BDMA_Channel7_IRQHandler
                0x0000000008000dc8                LPTIM5_IRQHandler
                0x0000000008000dc8                UART5_IRQHandler
                0x0000000008000dc8                ADC3_IRQHandler
                0x0000000008000dc8                DMA2_Stream0_IRQHandler
                0x0000000008000dc8                TIM4_IRQHandler
                0x0000000008000dc8                BDMA_Channel2_IRQHandler
                0x0000000008000dc8                I2C1_EV_IRQHandler
                0x0000000008000dc8                DMA1_Stream6_IRQHandler
                0x0000000008000dc8                DMAMUX1_OVR_IRQHandler
                0x0000000008000dc8                DMA1_Stream1_IRQHandler
                0x0000000008000dc8                TIM16_IRQHandler
                0x0000000008000dc8                UART4_IRQHandler
                0x0000000008000dc8                BDMA_Channel5_IRQHandler
                0x0000000008000dc8                TIM3_IRQHandler
                0x0000000008000dc8                RCC_IRQHandler
                0x0000000008000dc8                UART9_IRQHandler
                0x0000000008000dc8                TIM8_BRK_TIM12_IRQHandler
                0x0000000008000dc8                TIM1_TRG_COM_IRQHandler
                0x0000000008000dc8                Default_Handler
                0x0000000008000dc8                ECC_IRQHandler
                0x0000000008000dc8                FMAC_IRQHandler
                0x0000000008000dc8                CEC_IRQHandler
                0x0000000008000dc8                EXTI15_10_IRQHandler
                0x0000000008000dc8                BDMA_Channel0_IRQHandler
                0x0000000008000dc8                ADC_IRQHandler
                0x0000000008000dc8                I2C5_ER_IRQHandler
                0x0000000008000dc8                DMA1_Stream7_IRQHandler
                0x0000000008000dc8                SPI5_IRQHandler
                0x0000000008000dc8                TIM7_IRQHandler
                0x0000000008000dc8                FDCAN3_IT1_IRQHandler
                0x0000000008000dc8                SDMMC1_IRQHandler
                0x0000000008000dc8                TIM5_IRQHandler
                0x0000000008000dc8                DMA2_Stream7_IRQHandler
                0x0000000008000dc8                TIM15_IRQHandler
                0x0000000008000dc8                PVD_AVD_IRQHandler
                0x0000000008000dc8                I2C3_EV_IRQHandler
                0x0000000008000dc8                EXTI9_5_IRQHandler
                0x0000000008000dc8                RTC_WKUP_IRQHandler
                0x0000000008000dc8                LTDC_IRQHandler
                0x0000000008000dc8                ETH_WKUP_IRQHandler
                0x0000000008000dc8                SPDIF_RX_IRQHandler
                0x0000000008000dc8                SPI2_IRQHandler
                0x0000000008000dc8                OTG_HS_EP1_IN_IRQHandler
                0x0000000008000dc8                DMA1_Stream0_IRQHandler
                0x0000000008000dc8                TIM24_IRQHandler
                0x0000000008000dc8                CRS_IRQHandler
                0x0000000008000dc8                EXTI4_IRQHandler
                0x0000000008000dc8                RNG_IRQHandler
                0x0000000008000dc8                FDCAN2_IT1_IRQHandler
                0x0000000008000dc8                ETH_IRQHandler
                0x0000000008000dc8                TIM1_UP_IRQHandler
                0x0000000008000dc8                BDMA_Channel4_IRQHandler
                0x0000000008000dc8                OTG_HS_EP1_OUT_IRQHandler
                0x0000000008000dc8                WWDG_IRQHandler
                0x0000000008000dc8                SPI6_IRQHandler
                0x0000000008000dc8                MDIOS_IRQHandler
                0x0000000008000dc8                I2C4_EV_IRQHandler
                0x0000000008000dc8                FDCAN2_IT0_IRQHandler
                0x0000000008000dc8                LPUART1_IRQHandler
                0x0000000008000dc8                FDCAN1_IT0_IRQHandler
                0x0000000008000dc8                TIM2_IRQHandler
                0x0000000008000dc8                OTG_HS_IRQHandler
                0x0000000008000dc8                DMA2D_IRQHandler
                0x0000000008000dc8                TIM1_BRK_IRQHandler
                0x0000000008000dc8                EXTI1_IRQHandler
                0x0000000008000dc8                SDMMC2_IRQHandler
                0x0000000008000dc8                BDMA_Channel3_IRQHandler
                0x0000000008000dc8                DTS_IRQHandler
                0x0000000008000dc8                UART7_IRQHandler
                0x0000000008000dc8                MDIOS_WKUP_IRQHandler
                0x0000000008000dc8                USART2_IRQHandler
                0x0000000008000dc8                DFSDM1_FLT0_IRQHandler
                0x0000000008000dc8                SAI4_IRQHandler
                0x0000000008000dc8                I2C2_ER_IRQHandler
                0x0000000008000dc8                DMA2_Stream1_IRQHandler
                0x0000000008000dc8                FLASH_IRQHandler
                0x0000000008000dc8                DMA2_Stream4_IRQHandler
                0x0000000008000dc8                USART1_IRQHandler
                0x0000000008000dc8                SPI3_IRQHandler
                0x0000000008000dc8                WAKEUP_PIN_IRQHandler
                0x0000000008000dc8                DMA1_Stream4_IRQHandler
                0x0000000008000dc8                I2C1_ER_IRQHandler
                0x0000000008000dc8                FMC_IRQHandler
                0x0000000008000dc8                FDCAN_CAL_IRQHandler
                0x0000000008000dc8                SWPMI1_IRQHandler
                0x0000000008000dc8                COMP1_IRQHandler
                0x0000000008000dc8                LPTIM1_IRQHandler
                0x0000000008000dc8                DCMI_PSSI_IRQHandler
                0x0000000008000dc8                I2C4_ER_IRQHandler
                0x0000000008000dc8                DMA2_Stream6_IRQHandler
                0x0000000008000dc8                SAI1_IRQHandler
                0x0000000008000dc8                DMA1_Stream3_IRQHandler
 *fill*         0x0000000008000dca        0x2 
 .text.HAL_Init
                0x0000000008000dcc       0x78 ./Drivers/STM32H7xx_HAL_Driver/Src/stm32h7xx_hal.o
                0x0000000008000dcc                HAL_Init
 .text.HAL_InitTick
                0x0000000008000e44       0x6c ./Drivers/STM32H7xx_HAL_Driver/Src/stm32h7xx_hal.o
                0x0000000008000e44                HAL_InitTick
 .text.HAL_IncTick
                0x0000000008000eb0       0x28 ./Drivers/STM32H7xx_HAL_Driver/Src/stm32h7xx_hal.o
                0x0000000008000eb0                HAL_IncTick
 .text.HAL_GetTick
                0x0000000008000ed8       0x18 ./Drivers/STM32H7xx_HAL_Driver/Src/stm32h7xx_hal.o
                0x0000000008000ed8                HAL_GetTick
 .text.HAL_Delay
                0x0000000008000ef0       0x48 ./Drivers/STM32H7xx_HAL_Driver/Src/stm32h7xx_hal.o
                0x0000000008000ef0                HAL_Delay
 .text.LL_ADC_SetCommonClock
                0x0000000008000f38       0x26 ./Drivers/STM32H7xx_HAL_Driver/Src/stm32h7xx_hal_adc.o
 .text.LL_ADC_SetCommonPathInternalCh
                0x0000000008000f5e       0x26 ./Drivers/STM32H7xx_HAL_Driver/Src/stm32h7xx_hal_adc.o
 .text.LL_ADC_GetCommonPathInternalCh
                0x0000000008000f84       0x1c ./Drivers/STM32H7xx_HAL_Driver/Src/stm32h7xx_hal_adc.o
 .text.LL_ADC_SetOffset
                0x0000000008000fa0       0x64 ./Drivers/STM32H7xx_HAL_Driver/Src/stm32h7xx_hal_adc.o
 .text.LL_ADC_GetOffsetChannel
                0x0000000008001004       0x2c ./Drivers/STM32H7xx_HAL_Driver/Src/stm32h7xx_hal_adc.o
 .text.LL_ADC_SetDataRightShift
                0x0000000008001030       0x32 ./Drivers/STM32H7xx_HAL_Driver/Src/stm32h7xx_hal_adc.o
 *fill*         0x0000000008001062        0x2 
 .text.LL_ADC_SetOffsetSignedSaturation
                0x0000000008001064       0x44 ./Drivers/STM32H7xx_HAL_Driver/Src/stm32h7xx_hal_adc.o
 .text.LL_ADC_SetOffsetSaturation
                0x00000000080010a8       0x44 ./Drivers/STM32H7xx_HAL_Driver/Src/stm32h7xx_hal_adc.o
 .text.LL_ADC_SetOffsetSign
                0x00000000080010ec       0x44 ./Drivers/STM32H7xx_HAL_Driver/Src/stm32h7xx_hal_adc.o
 .text.LL_ADC_SetOffsetState
                0x0000000008001130       0x54 ./Drivers/STM32H7xx_HAL_Driver/Src/stm32h7xx_hal_adc.o
 .text.LL_ADC_REG_IsTriggerSourceSWStart
                0x0000000008001184       0x26 ./Drivers/STM32H7xx_HAL_Driver/Src/stm32h7xx_hal_adc.o
 .text.LL_ADC_REG_SetSequencerRanks
                0x00000000080011aa       0x58 ./Drivers/STM32H7xx_HAL_Driver/Src/stm32h7xx_hal_adc.o
 .text.LL_ADC_SetChannelSamplingTime
                0x0000000008001202       0x56 ./Drivers/STM32H7xx_HAL_Driver/Src/stm32h7xx_hal_adc.o
 .text.LL_ADC_SetChannelSingleDiff
                0x0000000008001258       0x80 ./Drivers/STM32H7xx_HAL_Driver/Src/stm32h7xx_hal_adc.o
 .text.LL_ADC_GetMultimode
                0x00000000080012d8       0x1c ./Drivers/STM32H7xx_HAL_Driver/Src/stm32h7xx_hal_adc.o
 .text.LL_ADC_GetMultiDMATransfer
                0x00000000080012f4       0x1c ./Drivers/STM32H7xx_HAL_Driver/Src/stm32h7xx_hal_adc.o
 .text.LL_ADC_DisableDeepPowerDown
                0x0000000008001310       0x24 ./Drivers/STM32H7xx_HAL_Driver/Src/stm32h7xx_hal_adc.o
 .text.LL_ADC_IsDeepPowerDownEnabled
                0x0000000008001334       0x28 ./Drivers/STM32H7xx_HAL_Driver/Src/stm32h7xx_hal_adc.o
 .text.LL_ADC_EnableInternalRegulator
                0x000000000800135c       0x28 ./Drivers/STM32H7xx_HAL_Driver/Src/stm32h7xx_hal_adc.o
 .text.LL_ADC_IsInternalRegulatorEnabled
                0x0000000008001384       0x28 ./Drivers/STM32H7xx_HAL_Driver/Src/stm32h7xx_hal_adc.o
 .text.LL_ADC_Enable
                0x00000000080013ac       0x28 ./Drivers/STM32H7xx_HAL_Driver/Src/stm32h7xx_hal_adc.o
 .text.LL_ADC_IsEnabled
                0x00000000080013d4       0x26 ./Drivers/STM32H7xx_HAL_Driver/Src/stm32h7xx_hal_adc.o
 *fill*         0x00000000080013fa        0x2 
 .text.LL_ADC_REG_StartConversion
                0x00000000080013fc       0x28 ./Drivers/STM32H7xx_HAL_Driver/Src/stm32h7xx_hal_adc.o
 .text.LL_ADC_REG_IsConversionOngoing
                0x0000000008001424       0x26 ./Drivers/STM32H7xx_HAL_Driver/Src/stm32h7xx_hal_adc.o
 .text.LL_ADC_INJ_IsConversionOngoing
                0x000000000800144a       0x26 ./Drivers/STM32H7xx_HAL_Driver/Src/stm32h7xx_hal_adc.o
 .text.HAL_ADC_Init
                0x0000000008001470      0x410 ./Drivers/STM32H7xx_HAL_Driver/Src/stm32h7xx_hal_adc.o
                0x0000000008001470                HAL_ADC_Init
 .text.HAL_ADC_Start
                0x0000000008001880      0x194 ./Drivers/STM32H7xx_HAL_Driver/Src/stm32h7xx_hal_adc.o
                0x0000000008001880                HAL_ADC_Start
 .text.HAL_ADC_PollForConversion
                0x0000000008001a14      0x1e8 ./Drivers/STM32H7xx_HAL_Driver/Src/stm32h7xx_hal_adc.o
                0x0000000008001a14                HAL_ADC_PollForConversion
 .text.HAL_ADC_GetValue
                0x0000000008001bfc       0x1a ./Drivers/STM32H7xx_HAL_Driver/Src/stm32h7xx_hal_adc.o
                0x0000000008001bfc                HAL_ADC_GetValue
 *fill*         0x0000000008001c16        0x2 
 .text.HAL_ADC_ConfigChannel
                0x0000000008001c18      0xa60 ./Drivers/STM32H7xx_HAL_Driver/Src/stm32h7xx_hal_adc.o
                0x0000000008001c18                HAL_ADC_ConfigChannel
 .text.ADC_Enable
                0x0000000008002678      0x114 ./Drivers/STM32H7xx_HAL_Driver/Src/stm32h7xx_hal_adc.o
                0x0000000008002678                ADC_Enable
 .text.ADC_ConfigureBoostMode
                0x000000000800278c      0x1dc ./Drivers/STM32H7xx_HAL_Driver/Src/stm32h7xx_hal_adc.o
                0x000000000800278c                ADC_ConfigureBoostMode
 .text.LL_ADC_IsEnabled
                0x0000000008002968       0x26 ./Drivers/STM32H7xx_HAL_Driver/Src/stm32h7xx_hal_adc_ex.o
 .text.LL_ADC_REG_IsConversionOngoing
                0x000000000800298e       0x26 ./Drivers/STM32H7xx_HAL_Driver/Src/stm32h7xx_hal_adc_ex.o
 .text.HAL_ADCEx_MultiModeConfigChannel
                0x00000000080029b4      0x1c4 ./Drivers/STM32H7xx_HAL_Driver/Src/stm32h7xx_hal_adc_ex.o
                0x00000000080029b4                HAL_ADCEx_MultiModeConfigChannel
 .text.__NVIC_SetPriorityGrouping
                0x0000000008002b78       0x48 ./Drivers/STM32H7xx_HAL_Driver/Src/stm32h7xx_hal_cortex.o
 .text.__NVIC_GetPriorityGrouping
                0x0000000008002bc0       0x1c ./Drivers/STM32H7xx_HAL_Driver/Src/stm32h7xx_hal_cortex.o
 .text.__NVIC_SetPriority
                0x0000000008002bdc       0x54 ./Drivers/STM32H7xx_HAL_Driver/Src/stm32h7xx_hal_cortex.o
 .text.NVIC_EncodePriority
                0x0000000008002c30       0x66 ./Drivers/STM32H7xx_HAL_Driver/Src/stm32h7xx_hal_cortex.o
 *fill*         0x0000000008002c96        0x2 
 .text.SysTick_Config
                0x0000000008002c98       0x44 ./Drivers/STM32H7xx_HAL_Driver/Src/stm32h7xx_hal_cortex.o
 .text.HAL_NVIC_SetPriorityGrouping
                0x0000000008002cdc       0x16 ./Drivers/STM32H7xx_HAL_Driver/Src/stm32h7xx_hal_cortex.o
                0x0000000008002cdc                HAL_NVIC_SetPriorityGrouping
 .text.HAL_NVIC_SetPriority
                0x0000000008002cf2       0x34 ./Drivers/STM32H7xx_HAL_Driver/Src/stm32h7xx_hal_cortex.o
                0x0000000008002cf2                HAL_NVIC_SetPriority
 .text.HAL_SYSTICK_Config
                0x0000000008002d26       0x18 ./Drivers/STM32H7xx_HAL_Driver/Src/stm32h7xx_hal_cortex.o
                0x0000000008002d26                HAL_SYSTICK_Config
 *fill*         0x0000000008002d3e        0x2 
 .text.HAL_FDCAN_Init
                0x0000000008002d40      0x3bc ./Drivers/STM32H7xx_HAL_Driver/Src/stm32h7xx_hal_fdcan.o
                0x0000000008002d40                HAL_FDCAN_Init
 .text.HAL_FDCAN_ConfigFilter
                0x00000000080030fc       0xec ./Drivers/STM32H7xx_HAL_Driver/Src/stm32h7xx_hal_fdcan.o
                0x00000000080030fc                HAL_FDCAN_ConfigFilter
 .text.HAL_FDCAN_Start
                0x00000000080031e8       0x56 ./Drivers/STM32H7xx_HAL_Driver/Src/stm32h7xx_hal_fdcan.o
                0x00000000080031e8                HAL_FDCAN_Start
 .text.HAL_FDCAN_AddMessageToTxFifoQ
                0x000000000800323e       0xb6 ./Drivers/STM32H7xx_HAL_Driver/Src/stm32h7xx_hal_fdcan.o
                0x000000000800323e                HAL_FDCAN_AddMessageToTxFifoQ
 .text.HAL_FDCAN_ActivateNotification
                0x00000000080032f4       0xf4 ./Drivers/STM32H7xx_HAL_Driver/Src/stm32h7xx_hal_fdcan.o
                0x00000000080032f4                HAL_FDCAN_ActivateNotification
 .text.FDCAN_CalcultateRamBlockAddresses
                0x00000000080033e8      0x30c ./Drivers/STM32H7xx_HAL_Driver/Src/stm32h7xx_hal_fdcan.o
 .text.FDCAN_CopyMessageToRAM
                0x00000000080036f4       0xfc ./Drivers/STM32H7xx_HAL_Driver/Src/stm32h7xx_hal_fdcan.o
 .text.HAL_GPIO_Init
                0x00000000080037f0      0x350 ./Drivers/STM32H7xx_HAL_Driver/Src/stm32h7xx_hal_gpio.o
                0x00000000080037f0                HAL_GPIO_Init
 .text.HAL_GPIO_WritePin
                0x0000000008003b40       0x32 ./Drivers/STM32H7xx_HAL_Driver/Src/stm32h7xx_hal_gpio.o
                0x0000000008003b40                HAL_GPIO_WritePin
 *fill*         0x0000000008003b72        0x2 
 .text.HAL_PWREx_ConfigSupply
                0x0000000008003b74       0x74 ./Drivers/STM32H7xx_HAL_Driver/Src/stm32h7xx_hal_pwr_ex.o
                0x0000000008003b74                HAL_PWREx_ConfigSupply
 .text.HAL_RCC_OscConfig
                0x0000000008003be8      0x7b4 ./Drivers/STM32H7xx_HAL_Driver/Src/stm32h7xx_hal_rcc.o
                0x0000000008003be8                HAL_RCC_OscConfig
 .text.HAL_RCC_ClockConfig
                0x000000000800439c      0x36c ./Drivers/STM32H7xx_HAL_Driver/Src/stm32h7xx_hal_rcc.o
                0x000000000800439c                HAL_RCC_ClockConfig
 .text.HAL_RCC_GetSysClockFreq
                0x0000000008004708      0x2f4 ./Drivers/STM32H7xx_HAL_Driver/Src/stm32h7xx_hal_rcc.o
                0x0000000008004708                HAL_RCC_GetSysClockFreq
 .text.HAL_RCC_GetHCLKFreq
                0x00000000080049fc       0x60 ./Drivers/STM32H7xx_HAL_Driver/Src/stm32h7xx_hal_rcc.o
                0x00000000080049fc                HAL_RCC_GetHCLKFreq
 .text.HAL_RCC_GetPCLK1Freq
                0x0000000008004a5c       0x2c ./Drivers/STM32H7xx_HAL_Driver/Src/stm32h7xx_hal_rcc.o
                0x0000000008004a5c                HAL_RCC_GetPCLK1Freq
 .text.HAL_RCCEx_PeriphCLKConfig
                0x0000000008004a88     0x1340 ./Drivers/STM32H7xx_HAL_Driver/Src/stm32h7xx_hal_rcc_ex.o
                0x0000000008004a88                HAL_RCCEx_PeriphCLKConfig
 .text.HAL_RCCEx_GetPeriphCLKFreq
                0x0000000008005dc8      0x9a4 ./Drivers/STM32H7xx_HAL_Driver/Src/stm32h7xx_hal_rcc_ex.o
                0x0000000008005dc8                HAL_RCCEx_GetPeriphCLKFreq
 .text.HAL_RCCEx_GetD3PCLK1Freq
                0x000000000800676c       0x2c ./Drivers/STM32H7xx_HAL_Driver/Src/stm32h7xx_hal_rcc_ex.o
                0x000000000800676c                HAL_RCCEx_GetD3PCLK1Freq
 .text.HAL_RCCEx_GetPLL2ClockFreq
                0x0000000008006798      0x2a8 ./Drivers/STM32H7xx_HAL_Driver/Src/stm32h7xx_hal_rcc_ex.o
                0x0000000008006798                HAL_RCCEx_GetPLL2ClockFreq
 .text.HAL_RCCEx_GetPLL3ClockFreq
                0x0000000008006a40      0x2a8 ./Drivers/STM32H7xx_HAL_Driver/Src/stm32h7xx_hal_rcc_ex.o
                0x0000000008006a40                HAL_RCCEx_GetPLL3ClockFreq
 .text.HAL_RCCEx_GetPLL1ClockFreq
                0x0000000008006ce8      0x2a4 ./Drivers/STM32H7xx_HAL_Driver/Src/stm32h7xx_hal_rcc_ex.o
                0x0000000008006ce8                HAL_RCCEx_GetPLL1ClockFreq
 .text.RCCEx_PLL2_Config
                0x0000000008006f8c      0x164 ./Drivers/STM32H7xx_HAL_Driver/Src/stm32h7xx_hal_rcc_ex.o
 .text.RCCEx_PLL3_Config
                0x00000000080070f0      0x164 ./Drivers/STM32H7xx_HAL_Driver/Src/stm32h7xx_hal_rcc_ex.o
 .text.memset   0x0000000008007254       0x10 C:/ST/STM32CubeIDE_1.14.1/STM32CubeIDE/plugins/com.st.stm32cube.ide.mcu.externaltools.gnu-tools-for-stm32.11.3.rel1.win32_1.1.100.202309141235/tools/bin/../lib/gcc/arm-none-eabi/11.3.1/../../../../arm-none-eabi/lib/thumb/v7e-m+dp/hard\libc_nano.a(libc_a-memset.o)
                0x0000000008007254                memset
 .text.__libc_init_array
                0x0000000008007264       0x48 C:/ST/STM32CubeIDE_1.14.1/STM32CubeIDE/plugins/com.st.stm32cube.ide.mcu.externaltools.gnu-tools-for-stm32.11.3.rel1.win32_1.1.100.202309141235/tools/bin/../lib/gcc/arm-none-eabi/11.3.1/../../../../arm-none-eabi/lib/thumb/v7e-m+dp/hard\libc_nano.a(libc_a-init.o)
                0x0000000008007264                __libc_init_array
 .text.memcpy   0x00000000080072ac       0x1c C:/ST/STM32CubeIDE_1.14.1/STM32CubeIDE/plugins/com.st.stm32cube.ide.mcu.externaltools.gnu-tools-for-stm32.11.3.rel1.win32_1.1.100.202309141235/tools/bin/../lib/gcc/arm-none-eabi/11.3.1/../../../../arm-none-eabi/lib/thumb/v7e-m+dp/hard\libc_nano.a(libc_a-memcpy-stub.o)
                0x00000000080072ac                memcpy
 *(.glue_7)
 .glue_7        0x00000000080072c8        0x0 linker stubs
 *(.glue_7t)
 .glue_7t       0x00000000080072c8        0x0 linker stubs
 *(.eh_frame)
 .eh_frame      0x00000000080072c8        0x0 C:/ST/STM32CubeIDE_1.14.1/STM32CubeIDE/plugins/com.st.stm32cube.ide.mcu.externaltools.gnu-tools-for-stm32.11.3.rel1.win32_1.1.100.202309141235/tools/bin/../lib/gcc/arm-none-eabi/11.3.1/thumb/v7e-m+dp/hard/crtbegin.o
 *(.init)
 .init          0x00000000080072c8        0x4 C:/ST/STM32CubeIDE_1.14.1/STM32CubeIDE/plugins/com.st.stm32cube.ide.mcu.externaltools.gnu-tools-for-stm32.11.3.rel1.win32_1.1.100.202309141235/tools/bin/../lib/gcc/arm-none-eabi/11.3.1/thumb/v7e-m+dp/hard/crti.o
                0x00000000080072c8                _init
 .init          0x00000000080072cc        0x8 C:/ST/STM32CubeIDE_1.14.1/STM32CubeIDE/plugins/com.st.stm32cube.ide.mcu.externaltools.gnu-tools-for-stm32.11.3.rel1.win32_1.1.100.202309141235/tools/bin/../lib/gcc/arm-none-eabi/11.3.1/thumb/v7e-m+dp/hard/crtn.o
 *(.fini)
 .fini          0x00000000080072d4        0x4 C:/ST/STM32CubeIDE_1.14.1/STM32CubeIDE/plugins/com.st.stm32cube.ide.mcu.externaltools.gnu-tools-for-stm32.11.3.rel1.win32_1.1.100.202309141235/tools/bin/../lib/gcc/arm-none-eabi/11.3.1/thumb/v7e-m+dp/hard/crti.o
                0x00000000080072d4                _fini
 .fini          0x00000000080072d8        0x8 C:/ST/STM32CubeIDE_1.14.1/STM32CubeIDE/plugins/com.st.stm32cube.ide.mcu.externaltools.gnu-tools-for-stm32.11.3.rel1.win32_1.1.100.202309141235/tools/bin/../lib/gcc/arm-none-eabi/11.3.1/thumb/v7e-m+dp/hard/crtn.o
                0x00000000080072e0                . = ALIGN (0x4)
                0x00000000080072e0                _etext = .

.vfp11_veneer   0x00000000080072e0        0x0
 .vfp11_veneer  0x00000000080072e0        0x0 linker stubs

.v4_bx          0x00000000080072e0        0x0
 .v4_bx         0x00000000080072e0        0x0 linker stubs

.iplt           0x00000000080072e0        0x0
 .iplt          0x00000000080072e0        0x0 C:/ST/STM32CubeIDE_1.14.1/STM32CubeIDE/plugins/com.st.stm32cube.ide.mcu.externaltools.gnu-tools-for-stm32.11.3.rel1.win32_1.1.100.202309141235/tools/bin/../lib/gcc/arm-none-eabi/11.3.1/thumb/v7e-m+dp/hard/crtbegin.o

.rodata         0x00000000080072e0       0x6c
                0x00000000080072e0                . = ALIGN (0x4)
 *(.rodata)
 .rodata        0x00000000080072e0       0x4c ./Drivers/STM32H7xx_HAL_Driver/Src/stm32h7xx_hal_fdcan.o
 *(.rodata*)
 .rodata.D1CorePrescTable
                0x000000000800732c       0x10 ./Core/Src/system_stm32h7xx.o
                0x000000000800732c                D1CorePrescTable
 .rodata.DLCtoBytes
                0x000000000800733c       0x10 ./Drivers/STM32H7xx_HAL_Driver/Src/stm32h7xx_hal_fdcan.o
                0x000000000800734c                . = ALIGN (0x4)

.rel.dyn        0x000000000800734c        0x0
 .rel.iplt      0x000000000800734c        0x0 C:/ST/STM32CubeIDE_1.14.1/STM32CubeIDE/plugins/com.st.stm32cube.ide.mcu.externaltools.gnu-tools-for-stm32.11.3.rel1.win32_1.1.100.202309141235/tools/bin/../lib/gcc/arm-none-eabi/11.3.1/thumb/v7e-m+dp/hard/crtbegin.o

.ARM.extab
 *(.ARM.extab* .gnu.linkonce.armextab.*)

.ARM            0x000000000800734c        0x0
                0x000000000800734c                __exidx_start = .
 *(.ARM.exidx*)
                0x000000000800734c                __exidx_end = .

.preinit_array  0x000000000800734c        0x0
                0x000000000800734c                PROVIDE (__preinit_array_start = .)
 *(.preinit_array*)
                0x000000000800734c                PROVIDE (__preinit_array_end = .)

.init_array     0x000000000800734c        0x4
                0x000000000800734c                PROVIDE (__init_array_start = .)
 *(SORT_BY_NAME(.init_array.*))
 *(.init_array*)
 .init_array    0x000000000800734c        0x4 C:/ST/STM32CubeIDE_1.14.1/STM32CubeIDE/plugins/com.st.stm32cube.ide.mcu.externaltools.gnu-tools-for-stm32.11.3.rel1.win32_1.1.100.202309141235/tools/bin/../lib/gcc/arm-none-eabi/11.3.1/thumb/v7e-m+dp/hard/crtbegin.o
                0x0000000008007350                PROVIDE (__init_array_end = .)

.fini_array     0x0000000008007350        0x4
                [!provide]                        PROVIDE (__fini_array_start = .)
 *(SORT_BY_NAME(.fini_array.*))
 *(.fini_array*)
 .fini_array    0x0000000008007350        0x4 C:/ST/STM32CubeIDE_1.14.1/STM32CubeIDE/plugins/com.st.stm32cube.ide.mcu.externaltools.gnu-tools-for-stm32.11.3.rel1.win32_1.1.100.202309141235/tools/bin/../lib/gcc/arm-none-eabi/11.3.1/thumb/v7e-m+dp/hard/crtbegin.o
                [!provide]                        PROVIDE (__fini_array_end = .)
                0x0000000008007354                _sidata = LOADADDR (.data)

.data           0x0000000024000000       0x10 load address 0x0000000008007354
                0x0000000024000000                . = ALIGN (0x4)
                0x0000000024000000                _sdata = .
 *(.data)
 *(.data*)
 .data.SystemCoreClock
                0x0000000024000000        0x4 ./Core/Src/system_stm32h7xx.o
                0x0000000024000000                SystemCoreClock
 .data.SystemD2Clock
                0x0000000024000004        0x4 ./Core/Src/system_stm32h7xx.o
                0x0000000024000004                SystemD2Clock
 .data.uwTickPrio
                0x0000000024000008        0x4 ./Drivers/STM32H7xx_HAL_Driver/Src/stm32h7xx_hal.o
                0x0000000024000008                uwTickPrio
 .data.uwTickFreq
                0x000000002400000c        0x1 ./Drivers/STM32H7xx_HAL_Driver/Src/stm32h7xx_hal.o
                0x000000002400000c                uwTickFreq
 *(.RamFunc)
 *(.RamFunc*)
                0x0000000024000010                . = ALIGN (0x4)
 *fill*         0x000000002400000d        0x3 
                0x0000000024000010                _edata = .

.igot.plt       0x0000000024000010        0x0 load address 0x0000000008007364
 .igot.plt      0x0000000024000010        0x0 C:/ST/STM32CubeIDE_1.14.1/STM32CubeIDE/plugins/com.st.stm32cube.ide.mcu.externaltools.gnu-tools-for-stm32.11.3.rel1.win32_1.1.100.202309141235/tools/bin/../lib/gcc/arm-none-eabi/11.3.1/thumb/v7e-m+dp/hard/crtbegin.o
                0x0000000024000010                . = ALIGN (0x4)

.bss            0x0000000024000010      0x1d0 load address 0x0000000008007364
                0x0000000024000010                _sbss = .
                0x0000000024000010                __bss_start__ = _sbss
 *(.bss)
 .bss           0x0000000024000010       0x1c C:/ST/STM32CubeIDE_1.14.1/STM32CubeIDE/plugins/com.st.stm32cube.ide.mcu.externaltools.gnu-tools-for-stm32.11.3.rel1.win32_1.1.100.202309141235/tools/bin/../lib/gcc/arm-none-eabi/11.3.1/thumb/v7e-m+dp/hard/crtbegin.o
 *(.bss*)
 .bss.hadc1     0x000000002400002c       0x70 ./Core/Src/main.o
                0x000000002400002c                hadc1
 .bss.hadc2     0x000000002400009c       0x70 ./Core/Src/main.o
                0x000000002400009c                hadc2
 .bss.hfdcan1   0x000000002400010c       0xa0 ./Core/Src/main.o
                0x000000002400010c                hfdcan1
 .bss.TxHeader  0x00000000240001ac       0x24 ./Core/Src/main.o
                0x00000000240001ac                TxHeader
 .bss.TxData    0x00000000240001d0        0x8 ./Core/Src/main.o
                0x00000000240001d0                TxData
 .bss.HAL_RCC_ADC12_CLK_ENABLED
                0x00000000240001d8        0x4 ./Core/Src/stm32h7xx_hal_msp.o
 .bss.uwTick    0x00000000240001dc        0x4 ./Drivers/STM32H7xx_HAL_Driver/Src/stm32h7xx_hal.o
                0x00000000240001dc                uwTick
 *(COMMON)
                0x00000000240001e0                . = ALIGN (0x4)
                0x00000000240001e0                _ebss = .
                0x00000000240001e0                __bss_end__ = _ebss

._user_heap_stack
                0x00000000240001e0      0x600 load address 0x0000000008007364
                0x00000000240001e0                . = ALIGN (0x8)
                [!provide]                        PROVIDE (end = .)
                0x00000000240001e0                PROVIDE (_end = .)
                0x00000000240003e0                . = (. + _Min_Heap_Size)
 *fill*         0x00000000240001e0      0x200 
                0x00000000240007e0                . = (. + _Min_Stack_Size)
 *fill*         0x00000000240003e0      0x400 
                0x00000000240007e0                . = ALIGN (0x8)

/DISCARD/
 libc.a(*)
 libm.a(*)
 libgcc.a(*)

.ARM.attributes
                0x0000000000000000       0x2e
 *(.ARM.attributes)
 .ARM.attributes
                0x0000000000000000       0x1e C:/ST/STM32CubeIDE_1.14.1/STM32CubeIDE/plugins/com.st.stm32cube.ide.mcu.externaltools.gnu-tools-for-stm32.11.3.rel1.win32_1.1.100.202309141235/tools/bin/../lib/gcc/arm-none-eabi/11.3.1/thumb/v7e-m+dp/hard/crti.o
 .ARM.attributes
                0x000000000000001e       0x32 C:/ST/STM32CubeIDE_1.14.1/STM32CubeIDE/plugins/com.st.stm32cube.ide.mcu.externaltools.gnu-tools-for-stm32.11.3.rel1.win32_1.1.100.202309141235/tools/bin/../lib/gcc/arm-none-eabi/11.3.1/thumb/v7e-m+dp/hard/crtbegin.o
 .ARM.attributes
                0x0000000000000050       0x32 ./Core/Src/main.o
 .ARM.attributes
                0x0000000000000082       0x32 ./Core/Src/stm32h7xx_hal_msp.o
 .ARM.attributes
                0x00000000000000b4       0x32 ./Core/Src/stm32h7xx_it.o
 .ARM.attributes
                0x00000000000000e6       0x32 ./Core/Src/system_stm32h7xx.o
 .ARM.attributes
                0x0000000000000118       0x21 ./Core/Startup/startup_stm32h723zgtx.o
 .ARM.attributes
                0x0000000000000139       0x32 ./Drivers/STM32H7xx_HAL_Driver/Src/stm32h7xx_hal.o
 .ARM.attributes
                0x000000000000016b       0x32 ./Drivers/STM32H7xx_HAL_Driver/Src/stm32h7xx_hal_adc.o
 .ARM.attributes
                0x000000000000019d       0x32 ./Drivers/STM32H7xx_HAL_Driver/Src/stm32h7xx_hal_adc_ex.o
 .ARM.attributes
                0x00000000000001cf       0x32 ./Drivers/STM32H7xx_HAL_Driver/Src/stm32h7xx_hal_cortex.o
 .ARM.attributes
                0x0000000000000201       0x32 ./Drivers/STM32H7xx_HAL_Driver/Src/stm32h7xx_hal_fdcan.o
 .ARM.attributes
                0x0000000000000233       0x32 ./Drivers/STM32H7xx_HAL_Driver/Src/stm32h7xx_hal_gpio.o
 .ARM.attributes
                0x0000000000000265       0x32 ./Drivers/STM32H7xx_HAL_Driver/Src/stm32h7xx_hal_pwr_ex.o
 .ARM.attributes
                0x0000000000000297       0x32 ./Drivers/STM32H7xx_HAL_Driver/Src/stm32h7xx_hal_rcc.o
 .ARM.attributes
                0x00000000000002c9       0x32 ./Drivers/STM32H7xx_HAL_Driver/Src/stm32h7xx_hal_rcc_ex.o
 .ARM.attributes
                0x00000000000002fb       0x32 C:/ST/STM32CubeIDE_1.14.1/STM32CubeIDE/plugins/com.st.stm32cube.ide.mcu.externaltools.gnu-tools-for-stm32.11.3.rel1.win32_1.1.100.202309141235/tools/bin/../lib/gcc/arm-none-eabi/11.3.1/../../../../arm-none-eabi/lib/thumb/v7e-m+dp/hard\libc_nano.a(libc_a-memset.o)
 .ARM.attributes
                0x000000000000032d       0x32 C:/ST/STM32CubeIDE_1.14.1/STM32CubeIDE/plugins/com.st.stm32cube.ide.mcu.externaltools.gnu-tools-for-stm32.11.3.rel1.win32_1.1.100.202309141235/tools/bin/../lib/gcc/arm-none-eabi/11.3.1/../../../../arm-none-eabi/lib/thumb/v7e-m+dp/hard\libc_nano.a(libc_a-init.o)
 .ARM.attributes
                0x000000000000035f       0x32 C:/ST/STM32CubeIDE_1.14.1/STM32CubeIDE/plugins/com.st.stm32cube.ide.mcu.externaltools.gnu-tools-for-stm32.11.3.rel1.win32_1.1.100.202309141235/tools/bin/../lib/gcc/arm-none-eabi/11.3.1/../../../../arm-none-eabi/lib/thumb/v7e-m+dp/hard\libc_nano.a(libc_a-memcpy-stub.o)
 .ARM.attributes
                0x0000000000000391       0x1e C:/ST/STM32CubeIDE_1.14.1/STM32CubeIDE/plugins/com.st.stm32cube.ide.mcu.externaltools.gnu-tools-for-stm32.11.3.rel1.win32_1.1.100.202309141235/tools/bin/../lib/gcc/arm-none-eabi/11.3.1/thumb/v7e-m+dp/hard/crtn.o
OUTPUT(Can_arduino_2Pot.elf elf32-littlearm)
LOAD linker stubs
LOAD C:/ST/STM32CubeIDE_1.14.1/STM32CubeIDE/plugins/com.st.stm32cube.ide.mcu.externaltools.gnu-tools-for-stm32.11.3.rel1.win32_1.1.100.202309141235/tools/bin/../lib/gcc/arm-none-eabi/11.3.1/../../../../arm-none-eabi/lib/thumb/v7e-m+dp/hard\libc.a
LOAD C:/ST/STM32CubeIDE_1.14.1/STM32CubeIDE/plugins/com.st.stm32cube.ide.mcu.externaltools.gnu-tools-for-stm32.11.3.rel1.win32_1.1.100.202309141235/tools/bin/../lib/gcc/arm-none-eabi/11.3.1/../../../../arm-none-eabi/lib/thumb/v7e-m+dp/hard\libm.a
LOAD C:/ST/STM32CubeIDE_1.14.1/STM32CubeIDE/plugins/com.st.stm32cube.ide.mcu.externaltools.gnu-tools-for-stm32.11.3.rel1.win32_1.1.100.202309141235/tools/bin/../lib/gcc/arm-none-eabi/11.3.1/thumb/v7e-m+dp/hard\libgcc.a

.comment        0x0000000000000000       0x43
 .comment       0x0000000000000000       0x43 C:/ST/STM32CubeIDE_1.14.1/STM32CubeIDE/plugins/com.st.stm32cube.ide.mcu.externaltools.gnu-tools-for-stm32.11.3.rel1.win32_1.1.100.202309141235/tools/bin/../lib/gcc/arm-none-eabi/11.3.1/thumb/v7e-m+dp/hard/crtbegin.o
                                         0x44 (size before relaxing)
 .comment       0x0000000000000043       0x44 ./Core/Src/main.o
 .comment       0x0000000000000043       0x44 ./Core/Src/stm32h7xx_hal_msp.o
 .comment       0x0000000000000043       0x44 ./Core/Src/stm32h7xx_it.o
 .comment       0x0000000000000043       0x44 ./Core/Src/system_stm32h7xx.o
 .comment       0x0000000000000043       0x44 ./Drivers/STM32H7xx_HAL_Driver/Src/stm32h7xx_hal.o
 .comment       0x0000000000000043       0x44 ./Drivers/STM32H7xx_HAL_Driver/Src/stm32h7xx_hal_adc.o
 .comment       0x0000000000000043       0x44 ./Drivers/STM32H7xx_HAL_Driver/Src/stm32h7xx_hal_adc_ex.o
 .comment       0x0000000000000043       0x44 ./Drivers/STM32H7xx_HAL_Driver/Src/stm32h7xx_hal_cortex.o
 .comment       0x0000000000000043       0x44 ./Drivers/STM32H7xx_HAL_Driver/Src/stm32h7xx_hal_fdcan.o
 .comment       0x0000000000000043       0x44 ./Drivers/STM32H7xx_HAL_Driver/Src/stm32h7xx_hal_gpio.o
 .comment       0x0000000000000043       0x44 ./Drivers/STM32H7xx_HAL_Driver/Src/stm32h7xx_hal_pwr_ex.o
 .comment       0x0000000000000043       0x44 ./Drivers/STM32H7xx_HAL_Driver/Src/stm32h7xx_hal_rcc.o
 .comment       0x0000000000000043       0x44 ./Drivers/STM32H7xx_HAL_Driver/Src/stm32h7xx_hal_rcc_ex.o

.debug_info     0x0000000000000000    0x11bc6
 .debug_info    0x0000000000000000     0x2105 ./Core/Src/main.o
 .debug_info    0x0000000000002105     0x193c ./Core/Src/stm32h7xx_hal_msp.o
 .debug_info    0x0000000000003a41      0x128 ./Core/Src/stm32h7xx_it.o
 .debug_info    0x0000000000003b69      0xb2e ./Core/Src/system_stm32h7xx.o
 .debug_info    0x0000000000004697       0x23 ./Core/Startup/startup_stm32h723zgtx.o
 .debug_info    0x00000000000046ba     0x1698 ./Drivers/STM32H7xx_HAL_Driver/Src/stm32h7xx_hal.o
 .debug_info    0x0000000000005d52     0x245f ./Drivers/STM32H7xx_HAL_Driver/Src/stm32h7xx_hal_adc.o
 .debug_info    0x00000000000081b1     0x2432 ./Drivers/STM32H7xx_HAL_Driver/Src/stm32h7xx_hal_adc_ex.o
 .debug_info    0x000000000000a5e3     0x10a0 ./Drivers/STM32H7xx_HAL_Driver/Src/stm32h7xx_hal_cortex.o
 .debug_info    0x000000000000b683     0x2bb4 ./Drivers/STM32H7xx_HAL_Driver/Src/stm32h7xx_hal_fdcan.o
 .debug_info    0x000000000000e237      0xc5c ./Drivers/STM32H7xx_HAL_Driver/Src/stm32h7xx_hal_gpio.o
 .debug_info    0x000000000000ee93      0xdc4 ./Drivers/STM32H7xx_HAL_Driver/Src/stm32h7xx_hal_pwr_ex.o
 .debug_info    0x000000000000fc57      0xd73 ./Drivers/STM32H7xx_HAL_Driver/Src/stm32h7xx_hal_rcc.o
 .debug_info    0x00000000000109ca     0x11fc ./Drivers/STM32H7xx_HAL_Driver/Src/stm32h7xx_hal_rcc_ex.o

.debug_abbrev   0x0000000000000000     0x1ea1
 .debug_abbrev  0x0000000000000000      0x289 ./Core/Src/main.o
 .debug_abbrev  0x0000000000000289      0x1fe ./Core/Src/stm32h7xx_hal_msp.o
 .debug_abbrev  0x0000000000000487       0x73 ./Core/Src/stm32h7xx_it.o
 .debug_abbrev  0x00000000000004fa      0x13a ./Core/Src/system_stm32h7xx.o
 .debug_abbrev  0x0000000000000634       0x12 ./Core/Startup/startup_stm32h723zgtx.o
 .debug_abbrev  0x0000000000000646      0x29e ./Drivers/STM32H7xx_HAL_Driver/Src/stm32h7xx_hal.o
 .debug_abbrev  0x00000000000008e4      0x309 ./Drivers/STM32H7xx_HAL_Driver/Src/stm32h7xx_hal_adc.o
 .debug_abbrev  0x0000000000000bed      0x346 ./Drivers/STM32H7xx_HAL_Driver/Src/stm32h7xx_hal_adc_ex.o
 .debug_abbrev  0x0000000000000f33      0x339 ./Drivers/STM32H7xx_HAL_Driver/Src/stm32h7xx_hal_cortex.o
 .debug_abbrev  0x000000000000126c      0x288 ./Drivers/STM32H7xx_HAL_Driver/Src/stm32h7xx_hal_fdcan.o
 .debug_abbrev  0x00000000000014f4      0x1fe ./Drivers/STM32H7xx_HAL_Driver/Src/stm32h7xx_hal_gpio.o
 .debug_abbrev  0x00000000000016f2      0x295 ./Drivers/STM32H7xx_HAL_Driver/Src/stm32h7xx_hal_pwr_ex.o
 .debug_abbrev  0x0000000000001987      0x2b1 ./Drivers/STM32H7xx_HAL_Driver/Src/stm32h7xx_hal_rcc.o
 .debug_abbrev  0x0000000000001c38      0x269 ./Drivers/STM32H7xx_HAL_Driver/Src/stm32h7xx_hal_rcc_ex.o

.debug_aranges  0x0000000000000000      0xee8
 .debug_aranges
                0x0000000000000000       0x58 ./Core/Src/main.o
 .debug_aranges
                0x0000000000000058       0x40 ./Core/Src/stm32h7xx_hal_msp.o
 .debug_aranges
                0x0000000000000098       0x60 ./Core/Src/stm32h7xx_it.o
 .debug_aranges
                0x00000000000000f8       0x28 ./Core/Src/system_stm32h7xx.o
 .debug_aranges
                0x0000000000000120       0x28 ./Core/Startup/startup_stm32h723zgtx.o
 .debug_aranges
                0x0000000000000148      0x1c8 ./Drivers/STM32H7xx_HAL_Driver/Src/stm32h7xx_hal.o
 .debug_aranges
                0x0000000000000310      0x260 ./Drivers/STM32H7xx_HAL_Driver/Src/stm32h7xx_hal_adc.o
 .debug_aranges
                0x0000000000000570      0x1f0 ./Drivers/STM32H7xx_HAL_Driver/Src/stm32h7xx_hal_adc_ex.o
 .debug_aranges
                0x0000000000000760      0x130 ./Drivers/STM32H7xx_HAL_Driver/Src/stm32h7xx_hal_cortex.o
 .debug_aranges
                0x0000000000000890      0x338 ./Drivers/STM32H7xx_HAL_Driver/Src/stm32h7xx_hal_fdcan.o
 .debug_aranges
                0x0000000000000bc8       0x58 ./Drivers/STM32H7xx_HAL_Driver/Src/stm32h7xx_hal_gpio.o
 .debug_aranges
                0x0000000000000c20      0x148 ./Drivers/STM32H7xx_HAL_Driver/Src/stm32h7xx_hal_pwr_ex.o
 .debug_aranges
                0x0000000000000d68       0x88 ./Drivers/STM32H7xx_HAL_Driver/Src/stm32h7xx_hal_rcc.o
 .debug_aranges
                0x0000000000000df0       0xf8 ./Drivers/STM32H7xx_HAL_Driver/Src/stm32h7xx_hal_rcc_ex.o

.debug_rnglists
                0x0000000000000000      0xb5b
 .debug_rnglists
                0x0000000000000000       0x43 ./Core/Src/main.o
 .debug_rnglists
                0x0000000000000043       0x2e ./Core/Src/stm32h7xx_hal_msp.o
 .debug_rnglists
                0x0000000000000071       0x43 ./Core/Src/stm32h7xx_it.o
 .debug_rnglists
                0x00000000000000b4       0x1b ./Core/Src/system_stm32h7xx.o
 .debug_rnglists
                0x00000000000000cf       0x19 ./Core/Startup/startup_stm32h723zgtx.o
 .debug_rnglists
                0x00000000000000e8      0x155 ./Drivers/STM32H7xx_HAL_Driver/Src/stm32h7xx_hal.o
 .debug_rnglists
                0x000000000000023d      0x1d5 ./Drivers/STM32H7xx_HAL_Driver/Src/stm32h7xx_hal_adc.o
 .debug_rnglists
                0x0000000000000412      0x182 ./Drivers/STM32H7xx_HAL_Driver/Src/stm32h7xx_hal_adc_ex.o
 .debug_rnglists
                0x0000000000000594       0xe0 ./Drivers/STM32H7xx_HAL_Driver/Src/stm32h7xx_hal_cortex.o
 .debug_rnglists
                0x0000000000000674      0x28b ./Drivers/STM32H7xx_HAL_Driver/Src/stm32h7xx_hal_fdcan.o
 .debug_rnglists
                0x00000000000008ff       0x3f ./Drivers/STM32H7xx_HAL_Driver/Src/stm32h7xx_hal_gpio.o
 .debug_rnglists
                0x000000000000093e       0xf5 ./Drivers/STM32H7xx_HAL_Driver/Src/stm32h7xx_hal_pwr_ex.o
 .debug_rnglists
                0x0000000000000a33       0x68 ./Drivers/STM32H7xx_HAL_Driver/Src/stm32h7xx_hal_rcc.o
 .debug_rnglists
                0x0000000000000a9b       0xc0 ./Drivers/STM32H7xx_HAL_Driver/Src/stm32h7xx_hal_rcc_ex.o

.debug_macro    0x0000000000000000    0x3382a
 .debug_macro   0x0000000000000000      0x2b7 ./Core/Src/main.o
 .debug_macro   0x00000000000002b7      0xac0 ./Core/Src/main.o
 .debug_macro   0x0000000000000d77      0x238 ./Core/Src/main.o
 .debug_macro   0x0000000000000faf       0x2e ./Core/Src/main.o
 .debug_macro   0x0000000000000fdd       0x3b ./Core/Src/main.o
 .debug_macro   0x0000000000001018       0x22 ./Core/Src/main.o
 .debug_macro   0x000000000000103a       0x8e ./Core/Src/main.o
 .debug_macro   0x00000000000010c8       0x51 ./Core/Src/main.o
 .debug_macro   0x0000000000001119      0x103 ./Core/Src/main.o
 .debug_macro   0x000000000000121c       0x6a ./Core/Src/main.o
 .debug_macro   0x0000000000001286      0x1df ./Core/Src/main.o
 .debug_macro   0x0000000000001465       0x1c ./Core/Src/main.o
 .debug_macro   0x0000000000001481       0x22 ./Core/Src/main.o
 .debug_macro   0x00000000000014a3       0xfb ./Core/Src/main.o
 .debug_macro   0x000000000000159e     0x1305 ./Core/Src/main.o
 .debug_macro   0x00000000000028a3      0x11f ./Core/Src/main.o
 .debug_macro   0x00000000000029c2       0x27 ./Core/Src/main.o
 .debug_macro   0x00000000000029e9    0x2127f ./Core/Src/main.o
 .debug_macro   0x0000000000023c68       0x6d ./Core/Src/main.o
 .debug_macro   0x0000000000023cd5     0x3d64 ./Core/Src/main.o
 .debug_macro   0x0000000000027a39      0x174 ./Core/Src/main.o
 .debug_macro   0x0000000000027bad       0x61 ./Core/Src/main.o
 .debug_macro   0x0000000000027c0e       0x29 ./Core/Src/main.o
 .debug_macro   0x0000000000027c37       0x43 ./Core/Src/main.o
 .debug_macro   0x0000000000027c7a       0x34 ./Core/Src/main.o
 .debug_macro   0x0000000000027cae       0x16 ./Core/Src/main.o
 .debug_macro   0x0000000000027cc4       0x43 ./Core/Src/main.o
 .debug_macro   0x0000000000027d07       0x34 ./Core/Src/main.o
 .debug_macro   0x0000000000027d3b       0x10 ./Core/Src/main.o
 .debug_macro   0x0000000000027d4b       0x58 ./Core/Src/main.o
 .debug_macro   0x0000000000027da3       0x8e ./Core/Src/main.o
 .debug_macro   0x0000000000027e31       0x1c ./Core/Src/main.o
 .debug_macro   0x0000000000027e4d      0x177 ./Core/Src/main.o
 .debug_macro   0x0000000000027fc4      0x369 ./Core/Src/main.o
 .debug_macro   0x000000000002832d      0x19b ./Core/Src/main.o
 .debug_macro   0x00000000000284c8       0x5d ./Core/Src/main.o
 .debug_macro   0x0000000000028525     0x2462 ./Core/Src/main.o
 .debug_macro   0x000000000002a987     0x1079 ./Core/Src/main.o
 .debug_macro   0x000000000002ba00      0x154 ./Core/Src/main.o
 .debug_macro   0x000000000002bb54      0x114 ./Core/Src/main.o
 .debug_macro   0x000000000002bc68      0x3fc ./Core/Src/main.o
 .debug_macro   0x000000000002c064       0xac ./Core/Src/main.o
 .debug_macro   0x000000000002c110      0x788 ./Core/Src/main.o
 .debug_macro   0x000000000002c898      0x228 ./Core/Src/main.o
 .debug_macro   0x000000000002cac0       0x66 ./Core/Src/main.o
 .debug_macro   0x000000000002cb26      0x3a6 ./Core/Src/main.o
 .debug_macro   0x000000000002cecc      0x3f9 ./Core/Src/main.o
 .debug_macro   0x000000000002d2c5      0x275 ./Core/Src/main.o
 .debug_macro   0x000000000002d53a     0x1178 ./Core/Src/main.o
 .debug_macro   0x000000000002e6b2      0x7c8 ./Core/Src/main.o
 .debug_macro   0x000000000002ee7a      0x39f ./Core/Src/main.o
 .debug_macro   0x000000000002f219      0xe42 ./Core/Src/main.o
 .debug_macro   0x000000000003005b      0x3ca ./Core/Src/main.o
 .debug_macro   0x0000000000030425      0x45c ./Core/Src/main.o
 .debug_macro   0x0000000000030881       0x3c ./Core/Src/main.o
 .debug_macro   0x00000000000308bd       0x4a ./Core/Src/main.o
 .debug_macro   0x0000000000030907      0x22c ./Core/Src/main.o
 .debug_macro   0x0000000000030b33       0x67 ./Core/Src/main.o
 .debug_macro   0x0000000000030b9a       0xa5 ./Core/Src/main.o
 .debug_macro   0x0000000000030c3f      0x1c4 ./Core/Src/main.o
 .debug_macro   0x0000000000030e03      0x22a ./Core/Src/main.o
 .debug_macro   0x000000000003102d       0x35 ./Core/Src/main.o
 .debug_macro   0x0000000000031062      0x5e6 ./Core/Src/main.o
 .debug_macro   0x0000000000031648      0x2b7 ./Core/Src/stm32h7xx_hal_msp.o
 .debug_macro   0x00000000000318ff      0x2c1 ./Core/Src/stm32h7xx_it.o
 .debug_macro   0x0000000000031bc0      0x2ad ./Core/Src/system_stm32h7xx.o
 .debug_macro   0x0000000000031e6d      0x2d7 ./Drivers/STM32H7xx_HAL_Driver/Src/stm32h7xx_hal.o
 .debug_macro   0x0000000000032144      0x2d8 ./Drivers/STM32H7xx_HAL_Driver/Src/stm32h7xx_hal_adc.o
 .debug_macro   0x000000000003241c      0x2b9 ./Drivers/STM32H7xx_HAL_Driver/Src/stm32h7xx_hal_adc_ex.o
 .debug_macro   0x00000000000326d5      0x2ad ./Drivers/STM32H7xx_HAL_Driver/Src/stm32h7xx_hal_cortex.o
 .debug_macro   0x0000000000032982      0x372 ./Drivers/STM32H7xx_HAL_Driver/Src/stm32h7xx_hal_fdcan.o
 .debug_macro   0x0000000000032cf4      0x2b4 ./Drivers/STM32H7xx_HAL_Driver/Src/stm32h7xx_hal_gpio.o
 .debug_macro   0x0000000000032fa8      0x2e6 ./Drivers/STM32H7xx_HAL_Driver/Src/stm32h7xx_hal_pwr_ex.o
 .debug_macro   0x000000000003328e      0x2d1 ./Drivers/STM32H7xx_HAL_Driver/Src/stm32h7xx_hal_rcc.o
 .debug_macro   0x000000000003355f      0x2cb ./Drivers/STM32H7xx_HAL_Driver/Src/stm32h7xx_hal_rcc_ex.o

.debug_line     0x0000000000000000    0x10711
 .debug_line    0x0000000000000000      0xbe5 ./Core/Src/main.o
 .debug_line    0x0000000000000be5      0x9dc ./Core/Src/stm32h7xx_hal_msp.o
 .debug_line    0x00000000000015c1      0x9a3 ./Core/Src/stm32h7xx_it.o
 .debug_line    0x0000000000001f64      0xa85 ./Core/Src/system_stm32h7xx.o
 .debug_line    0x00000000000029e9       0x7a ./Core/Startup/startup_stm32h723zgtx.o
 .debug_line    0x0000000000002a63      0xf1c ./Drivers/STM32H7xx_HAL_Driver/Src/stm32h7xx_hal.o
 .debug_line    0x000000000000397f     0x27bf ./Drivers/STM32H7xx_HAL_Driver/Src/stm32h7xx_hal_adc.o
 .debug_line    0x000000000000613e     0x22b2 ./Drivers/STM32H7xx_HAL_Driver/Src/stm32h7xx_hal_adc_ex.o
 .debug_line    0x00000000000083f0      0xec2 ./Drivers/STM32H7xx_HAL_Driver/Src/stm32h7xx_hal_cortex.o
 .debug_line    0x00000000000092b2     0x27f0 ./Drivers/STM32H7xx_HAL_Driver/Src/stm32h7xx_hal_fdcan.o
 .debug_line    0x000000000000baa2      0xd3d ./Drivers/STM32H7xx_HAL_Driver/Src/stm32h7xx_hal_gpio.o
 .debug_line    0x000000000000c7df      0xf0f ./Drivers/STM32H7xx_HAL_Driver/Src/stm32h7xx_hal_pwr_ex.o
 .debug_line    0x000000000000d6ee     0x13b5 ./Drivers/STM32H7xx_HAL_Driver/Src/stm32h7xx_hal_rcc.o
 .debug_line    0x000000000000eaa3     0x1c6e ./Drivers/STM32H7xx_HAL_Driver/Src/stm32h7xx_hal_rcc_ex.o

.debug_str      0x0000000000000000   0x157d4b
 .debug_str     0x0000000000000000   0x1526d8 ./Core/Src/main.o
                                     0x152f38 (size before relaxing)
 .debug_str     0x00000000001526d8       0xaa ./Core/Src/stm32h7xx_hal_msp.o
                                     0x1529b4 (size before relaxing)
 .debug_str     0x0000000000152782       0xc9 ./Core/Src/stm32h7xx_it.o
                                     0x15190b (size before relaxing)
 .debug_str     0x000000000015284b      0x2a4 ./Core/Src/system_stm32h7xx.o
                                     0x151d4d (size before relaxing)
 .debug_str     0x0000000000152aef       0x34 ./Core/Startup/startup_stm32h723zgtx.o
                                         0x78 (size before relaxing)
 .debug_str     0x0000000000152b23     0x110e ./Drivers/STM32H7xx_HAL_Driver/Src/stm32h7xx_hal.o
                                     0x152dd7 (size before relaxing)
 .debug_str     0x0000000000153c31      0xc90 ./Drivers/STM32H7xx_HAL_Driver/Src/stm32h7xx_hal_adc.o
                                     0x152dde (size before relaxing)
 .debug_str     0x00000000001548c1      0x7d8 ./Drivers/STM32H7xx_HAL_Driver/Src/stm32h7xx_hal_adc_ex.o
                                     0x152cfe (size before relaxing)
 .debug_str     0x0000000000155099      0x38b ./Drivers/STM32H7xx_HAL_Driver/Src/stm32h7xx_hal_cortex.o
                                     0x1526f1 (size before relaxing)
 .debug_str     0x0000000000155424     0x1a1c ./Drivers/STM32H7xx_HAL_Driver/Src/stm32h7xx_hal_fdcan.o
                                     0x153acd (size before relaxing)
 .debug_str     0x0000000000156e40       0xf1 ./Drivers/STM32H7xx_HAL_Driver/Src/stm32h7xx_hal_gpio.o
                                     0x151d98 (size before relaxing)
 .debug_str     0x0000000000156f31      0x5d0 ./Drivers/STM32H7xx_HAL_Driver/Src/stm32h7xx_hal_pwr_ex.o
                                     0x1521a0 (size before relaxing)
 .debug_str     0x0000000000157501      0x21a ./Drivers/STM32H7xx_HAL_Driver/Src/stm32h7xx_hal_rcc.o
                                     0x15211b (size before relaxing)
 .debug_str     0x000000000015771b      0x630 ./Drivers/STM32H7xx_HAL_Driver/Src/stm32h7xx_hal_rcc_ex.o
                                     0x152633 (size before relaxing)

.debug_frame    0x0000000000000000     0x40a4
 .debug_frame   0x0000000000000000      0x124 ./Core/Src/main.o
 .debug_frame   0x0000000000000124       0xcc ./Core/Src/stm32h7xx_hal_msp.o
 .debug_frame   0x00000000000001f0      0x104 ./Core/Src/stm32h7xx_it.o
 .debug_frame   0x00000000000002f4       0x58 ./Core/Src/system_stm32h7xx.o
 .debug_frame   0x000000000000034c      0x760 ./Drivers/STM32H7xx_HAL_Driver/Src/stm32h7xx_hal.o
 .debug_frame   0x0000000000000aac      0xb40 ./Drivers/STM32H7xx_HAL_Driver/Src/stm32h7xx_hal_adc.o
 .debug_frame   0x00000000000015ec      0x904 ./Drivers/STM32H7xx_HAL_Driver/Src/stm32h7xx_hal_adc_ex.o
 .debug_frame   0x0000000000001ef0      0x508 ./Drivers/STM32H7xx_HAL_Driver/Src/stm32h7xx_hal_cortex.o
 .debug_frame   0x00000000000023f8      0xf9c ./Drivers/STM32H7xx_HAL_Driver/Src/stm32h7xx_hal_fdcan.o
 .debug_frame   0x0000000000003394      0x14c ./Drivers/STM32H7xx_HAL_Driver/Src/stm32h7xx_hal_gpio.o
 .debug_frame   0x00000000000034e0      0x540 ./Drivers/STM32H7xx_HAL_Driver/Src/stm32h7xx_hal_pwr_ex.o
 .debug_frame   0x0000000000003a20      0x1fc ./Drivers/STM32H7xx_HAL_Driver/Src/stm32h7xx_hal_rcc.o
 .debug_frame   0x0000000000003c1c      0x414 ./Drivers/STM32H7xx_HAL_Driver/Src/stm32h7xx_hal_rcc_ex.o
 .debug_frame   0x0000000000004030       0x20 C:/ST/STM32CubeIDE_1.14.1/STM32CubeIDE/plugins/com.st.stm32cube.ide.mcu.externaltools.gnu-tools-for-stm32.11.3.rel1.win32_1.1.100.202309141235/tools/bin/../lib/gcc/arm-none-eabi/11.3.1/../../../../arm-none-eabi/lib/thumb/v7e-m+dp/hard\libc_nano.a(libc_a-memset.o)
 .debug_frame   0x0000000000004050       0x2c C:/ST/STM32CubeIDE_1.14.1/STM32CubeIDE/plugins/com.st.stm32cube.ide.mcu.externaltools.gnu-tools-for-stm32.11.3.rel1.win32_1.1.100.202309141235/tools/bin/../lib/gcc/arm-none-eabi/11.3.1/../../../../arm-none-eabi/lib/thumb/v7e-m+dp/hard\libc_nano.a(libc_a-init.o)
 .debug_frame   0x000000000000407c       0x28 C:/ST/STM32CubeIDE_1.14.1/STM32CubeIDE/plugins/com.st.stm32cube.ide.mcu.externaltools.gnu-tools-for-stm32.11.3.rel1.win32_1.1.100.202309141235/tools/bin/../lib/gcc/arm-none-eabi/11.3.1/../../../../arm-none-eabi/lib/thumb/v7e-m+dp/hard\libc_nano.a(libc_a-memcpy-stub.o)

.debug_line_str
                0x0000000000000000       0x6c
 .debug_line_str
                0x0000000000000000       0x6c ./Core/Startup/startup_stm32h723zgtx.o
                                         0x84 (size before relaxing)
