../Core/Src/main.c:83:6:HAL_TIM_PeriodElapsedCallback	16	static
../Core/Src/main.c:90:6:HAL_FDCAN_RxFifo0Callback	16	static
../Core/Src/main.c:103:10:Read_ADC_Values	56	static
../Core/Src/main.c:133:5:main	16	static
../Core/Src/main.c:213:6:SystemClock_Config	120	static
../Core/Src/main.c:275:13:MX_ADC1_Init	56	static
../Core/Src/main.c:352:13:MX_FDCAN1_Init	8	static
../Core/Src/main.c:405:13:MX_TIM2_Init	40	static
../Core/Src/main.c:450:13:MX_USART1_UART_Init	8	static
../Core/Src/main.c:498:13:MX_GPIO_Init	32	static
../Core/Src/main.c:522:6:Error_Handler	4	static,ignoring_inline_asm
